As part of this release we had [1 commit](https://github.com/TestUser/FakeRepo/commits/1.2.3) which resulted in [1 issue](https://github.com/FakeRepo/issues/issues?milestone=0&state=closed) being closed.


__Bug__
- [__#1__](http://example.com/1) Issue 1

## Where to get it
You can download this release from [nuget](https://www.nuget.org/profiles/nservicebus/)