As part of this release we had [5 commits](https://github.com/TestUser/FakeRepo/commits/1.2.3) which resulted in [3 issues](https://github.com/FakeRepo/issues/issues?milestone=0&state=closed) being closed.


__Feature__
- Issue 2[__#2__](http://example.com/2)

__Improvement__
- Issue 3[__#3__](http://example.com/3)

__Bug__
- Issue 1[__#1__](http://example.com/1)

## Where to get it
You can download this release from [nuget](https://www.nuget.org/profiles/nservicebus/)