


## Where to get it
You can download this release from [nuget](https://www.nuget.org/profiles/nservicebus/)